// Jest Snapshot v1, https://goo.gl/fbAQLP

exports[`[Modal] screen renders without crashing 1`] = `
<View
  style={
    Array [
      Object {
        "alignItems": "center",
        "backgroundColor": "transparent",
        "flexBasis": 0,
        "flexDirection": "row",
        "flexGrow": 1,
        "flexShrink": 1,
        "justifyContent": "center",
      },
    ]
  }
>
  <View
    accessible={true}
    isTVSelectable={true}
    onResponderGrant={[Function]}
    onResponderMove={[Function]}
    onResponderRelease={[Function]}
    onResponderTerminate={[Function]}
    onResponderTerminationRequest={[Function]}
    onStartShouldSetResponder={[Function]}
    style={
      Object {
        "opacity": 1,
      }
    }
    testID="openBtn"
  >
    <View
      style={
        Array [
          Object {
            "alignItems": "center",
            "alignSelf": "center",
            "backgroundColor": "#069ccd",
            "borderColor": "#069ccd",
            "borderRadius": 4,
            "borderWidth": 2,
            "height": 52,
            "justifyContent": "center",
            "width": 320,
          },
        ]
      }
    >
      <Text
        style={
          Array [
            Object {
              "color": "white",
              "fontSize": 14,
            },
          ]
        }
      >
        열기
      </Text>
    </View>
  </View>
  <View />
</View>
`;
