// Jest Snapshot v1, https://goo.gl/fbAQLP

exports[`[TextSplitting] screen renders without crashing 1`] = `
<View
  style={
    Array [
      Object {
        "alignItems": "center",
        "backgroundColor": "transparent",
        "flexBasis": 0,
        "flexGrow": 1,
        "flexShrink": 1,
        "paddingBottom": 15,
        "paddingLeft": 15,
        "paddingRight": 15,
        "paddingTop": 15,
      },
    ]
  }
>
  <TextInput
    allowFontScaling={true}
    multiline={true}
    onChangeText={[Function]}
    rejectResponderTermination={true}
    style={
      Array [
        Object {
          "borderWidth": 0.5,
          "color": "blue",
          "fontSize": 16,
          "height": 200,
          "width": "100%",
        },
      ]
    }
    testID="textInput"
    underlineColorAndroid="transparent"
    value=""
  />
  <Text
    style={
      Array [
        Object {
          "color": "blue",
          "fontSize": 16,
        },
      ]
    }
  >
    
  </Text>
  <View
    accessible={true}
    isTVSelectable={true}
    onResponderGrant={[Function]}
    onResponderMove={[Function]}
    onResponderRelease={[Function]}
    onResponderTerminate={[Function]}
    onResponderTerminationRequest={[Function]}
    onStartShouldSetResponder={[Function]}
    style={
      Object {
        "opacity": 1,
      }
    }
    testID="removeBtn"
  >
    <View
      style={
        Array [
          Object {
            "alignItems": "center",
            "alignSelf": "center",
            "backgroundColor": "#069ccd",
            "borderColor": "#069ccd",
            "borderRadius": 4,
            "borderWidth": 2,
            "height": 52,
            "justifyContent": "center",
            "width": 320,
          },
        ]
      }
    >
      <Text
        style={
          Array [
            Object {
              "color": "white",
              "fontSize": 14,
            },
          ]
        }
      >
        Remove All
      </Text>
    </View>
  </View>
</View>
`;
